WARNING: benchmarks in old but not in new: dense::ac_one_byte, dense::ac_one_prefix_byte_every_match, dense::ac_one_prefix_byte_no_match, dense::ac_one_prefix_byte_random, dense::ac_ten_bytes, dense::ac_ten_diff_prefix, dense::ac_ten_one_prefix_byte_every_match, dense::ac_ten_one_prefix_byte_no_match, dense::ac_ten_one_prefix_byte_random, dense::ac_two_bytes, dense::ac_two_diff_prefix, dense::ac_two_one_prefix_byte_every_match, dense::ac_two_one_prefix_byte_no_match, dense::ac_two_one_prefix_byte_random, dense_boxed::ac_one_byte, dense_boxed::ac_one_prefix_byte_every_match, dense_boxed::ac_one_prefix_byte_no_match, dense_boxed::ac_one_prefix_byte_random, dense_boxed::ac_ten_bytes, dense_boxed::ac_ten_diff_prefix, dense_boxed::ac_ten_one_prefix_byte_every_match, dense_boxed::ac_ten_one_prefix_byte_no_match, dense_boxed::ac_ten_one_prefix_byte_random, dense_boxed::ac_two_bytes, dense_boxed::ac_two_diff_prefix, dense_boxed::ac_two_one_prefix_byte_every_match, dense_boxed::ac_two_one_prefix_byte_no_match, dense_boxed::ac_two_one_prefix_byte_random, full::ac_one_byte, full::ac_one_prefix_byte_every_match, full::ac_one_prefix_byte_no_match, full::ac_one_prefix_byte_random, full::ac_ten_bytes, full::ac_ten_diff_prefix, full::ac_ten_one_prefix_byte_every_match, full::ac_ten_one_prefix_byte_no_match, full::ac_ten_one_prefix_byte_random, full::ac_two_bytes, full::ac_two_diff_prefix, full::ac_two_one_prefix_byte_every_match, full::ac_two_one_prefix_byte_no_match, full::ac_two_one_prefix_byte_random, full_overlap::ac_one_byte, full_overlap::ac_one_prefix_byte_every_match, full_overlap::ac_one_prefix_byte_no_match, full_overlap::ac_one_prefix_byte_random, full_overlap::ac_ten_bytes, full_overlap::ac_ten_diff_prefix, full_overlap::ac_ten_one_prefix_byte_every_match, full_overlap::ac_ten_one_prefix_byte_no_match, full_overlap::ac_ten_one_prefix_byte_random, full_overlap::ac_two_bytes, full_overlap::ac_two_diff_prefix, full_overlap::ac_two_one_prefix_byte_every_match, full_overlap::ac_two_one_prefix_byte_no_match, full_overlap::ac_two_one_prefix_byte_random, naive_one_byte, naive_one_prefix_byte_every_match, naive_one_prefix_byte_no_match, naive_one_prefix_byte_random, naive_ten_bytes, naive_ten_diff_prefix, naive_ten_one_prefix_byte_every_match, naive_ten_one_prefix_byte_no_match, naive_ten_one_prefix_byte_random, naive_two_bytes, naive_two_diff_prefix, naive_two_one_prefix_byte_every_match, naive_two_one_prefix_byte_no_match, naive_two_one_prefix_byte_random, sparse::ac_one_byte, sparse::ac_one_prefix_byte_every_match, sparse::ac_one_prefix_byte_no_match, sparse::ac_one_prefix_byte_random, sparse::ac_ten_bytes, sparse::ac_ten_diff_prefix, sparse::ac_ten_one_prefix_byte_every_match, sparse::ac_ten_one_prefix_byte_no_match, sparse::ac_ten_one_prefix_byte_random, sparse::ac_two_bytes, sparse::ac_two_diff_prefix, sparse::ac_two_one_prefix_byte_every_match, sparse::ac_two_one_prefix_byte_no_match, sparse::ac_two_one_prefix_byte_random
WARNING: benchmarks in new but not in old: ac_one_byte, ac_one_prefix_byte_every_match, ac_one_prefix_byte_no_match, ac_one_prefix_byte_random, ac_ten_bytes, ac_ten_diff_prefix, ac_ten_one_prefix_byte_every_match, ac_ten_one_prefix_byte_no_match, ac_ten_one_prefix_byte_random, ac_two_bytes, ac_two_diff_prefix, ac_two_one_prefix_byte_every_match, ac_two_one_prefix_byte_no_match, ac_two_one_prefix_byte_random
